Windows PowerShell
Copyright (C) Microsoft Corporation. Todos los derechos reservados.

Instale la versión más reciente de PowerShell para obtener nuevas características y mejoras. https://aka.ms/PSWindows

PS C:\Users\Miche> mysqlsh
MySQL Shell 8.0.43

Copyright (c) 2016, 2025, Oracle and/or its affiliates.
Oracle is a registered trademark of Oracle Corporation and/or its affiliates.
Other names may be trademarks of their respective owners.

Type '\help' or '\?' for help; '\quit' to exit.
 MySQL  JS > \sql
Switching to SQL mode... Commands end with ;
 MySQL  SQL > \connect --mc root@loclahost
Creating a Classic session to 'root@loclahost'
Please provide the password for 'root@loclahost': *
MySQL Error 2005 (HY000): Unknown MySQL server host 'loclahost' (11001)
 MySQL  SQL > ;
ERROR: Not connected.
 MySQL  SQL > \connect --mc root@localhost
Creating a Classic session to 'root@localhost'
Fetching global names for auto-completion... Press ^C to stop.
Your MySQL connection id is 17
Server version: 8.0.43 MySQL Community Server - GPL
No default schema selected; type \use <schema> to set one.
 MySQL  localhost:3306 ssl  SQL > show databases;
+--------------------+
| Database           |
+--------------------+
| abarrotes          |
| biblioteca         |
| information_schema |
| mysql              |
| performance_schema |
| prueba             |
| sakila             |
| sys                |
| tbd1               |
| tbd2               |
| world              |
+--------------------+
11 rows in set (0.0020 sec)
 MySQL  localhost:3306 ssl  SQL > use tbd2;
Default schema set to `tbd2`.
Fetching global names, object names from `tbd2` for auto-completion... Press ^C to stop.
 MySQL  localhost:3306 ssl  tbd2  SQL > show tables;
+----------------+
| Tables_in_tbd2 |
+----------------+
| asignatura     |
| cliente        |
| detallehorario |
| estudiante     |
| horario        |
| producto       |
| venta          |
| ventadetalle   |
+----------------+
8 rows in set (0.0417 sec)
 MySQL  localhost:3306 ssl  tbd2  SQL > desc vente;
ERROR: 1146 (42S02): Table 'tbd2.vente' doesn't exist
 MySQL  localhost:3306 ssl  tbd2  SQL > desc venta;
+-----------+------+------+-----+---------+----------------+
| Field     | Type | Null | Key | Default | Extra          |
+-----------+------+------+-----+---------+----------------+
| idventa   | int  | NO   | PRI | NULL    | auto_increment |
| fecha     | date | NO   |     | NULL    |                |
| idcliente | int  | NO   | MUL | NULL    |                |
+-----------+------+------+-----+---------+----------------+
3 rows in set (0.0437 sec)
 MySQL  localhost:3306 ssl  tbd2  SQL > show tables;
+----------------+
| Tables_in_tbd2 |
+----------------+
| asignatura     |
| cliente        |
| detallehorario |
| estudiante     |
| horario        |
| producto       |
| venta          |
| ventadetalle   |
+----------------+
8 rows in set (0.0027 sec)
 MySQL  localhost:3306 ssl  tbd2  SQL > show create table detallehorario;
+----------------+--------------------------------------------------------------------------------------------------------------------------------------------------------------------------------------------------------------------------------------------------------------------------------------------------------------------------------------------------------------------------------------------------------------------------------------------------------------------------------------------------------------------------------------------------------------------------------------------------------------------------------------+
| Table          | Create Table                                                                                                                                                                                                                                                                                                                                                                                                                                                                                                                                                                                                                         |
+----------------+--------------------------------------------------------------------------------------------------------------------------------------------------------------------------------------------------------------------------------------------------------------------------------------------------------------------------------------------------------------------------------------------------------------------------------------------------------------------------------------------------------------------------------------------------------------------------------------------------------------------------------------+
| detallehorario | CREATE TABLE `detallehorario` (
  `iddetallehorario` int NOT NULL AUTO_INCREMENT,
  `idhorario` int NOT NULL,
  `idasignatura` int NOT NULL,
  PRIMARY KEY (`iddetallehorario`),
  KEY `idhorario` (`idhorario`),
  KEY `idasignatura` (`idasignatura`),
  CONSTRAINT `detallehorario_ibfk_1` FOREIGN KEY (`idhorario`) REFERENCES `horario` (`idhorario`) ON DELETE RESTRICT ON UPDATE CASCADE,
  CONSTRAINT `detallehorario_ibfk_2` FOREIGN KEY (`idasignatura`) REFERENCES `asignatura` (`idasignatura`) ON DELETE RESTRICT ON UPDATE CASCADE
) ENGINE=InnoDB AUTO_INCREMENT=8 DEFAULT CHARSET=utf8mb4 COLLATE=utf8mb4_0900_ai_ci |
+----------------+--------------------------------------------------------------------------------------------------------------------------------------------------------------------------------------------------------------------------------------------------------------------------------------------------------------------------------------------------------------------------------------------------------------------------------------------------------------------------------------------------------------------------------------------------------------------------------------------------------------------------------------+
1 row in set (0.0029 sec)
 MySQL  localhost:3306 ssl  tbd2  SQL > show tables;
+----------------+
| Tables_in_tbd2 |
+----------------+
| asignatura     |
| cliente        |
| detallehorario |
| estudiante     |
| horario        |
| producto       |
| venta          |
| ventadetalle   |
+----------------+
8 rows in set (0.0038 sec)
 MySQL  localhost:3306 ssl  tbd2  SQL > show create table horario;
+---------+-----------------------------------------------------------------------------------------------------------------------------------------------------------------------------------------------------------------------------------------------------------------------------------------------------------------------------------------------------------------------------------------------------+
| Table   | Create Table                                                                                                                                                                                                                                                                                                                                                                                        |
+---------+-----------------------------------------------------------------------------------------------------------------------------------------------------------------------------------------------------------------------------------------------------------------------------------------------------------------------------------------------------------------------------------------------------+
| horario | CREATE TABLE `horario` (
  `idhorario` int NOT NULL AUTO_INCREMENT,
  `idestudiante` int NOT NULL,
  PRIMARY KEY (`idhorario`),
  KEY `idestudiante` (`idestudiante`),
  CONSTRAINT `horario_ibfk_1` FOREIGN KEY (`idestudiante`) REFERENCES `estudiante` (`idestudiante`) ON DELETE RESTRICT ON UPDATE CASCADE
) ENGINE=InnoDB AUTO_INCREMENT=6 DEFAULT CHARSET=utf8mb4 COLLATE=utf8mb4_0900_ai_ci |
+---------+-----------------------------------------------------------------------------------------------------------------------------------------------------------------------------------------------------------------------------------------------------------------------------------------------------------------------------------------------------------------------------------------------------+
1 row in set (0.0024 sec)
 MySQL  localhost:3306 ssl  tbd2  SQL > select * from estudiante;
+--------------+-----------------+------------+
| idestudiante | nombre          | fecha_nac  |
+--------------+-----------------+------------+
|            2 | Michelle Tellez | 2003-10-02 |
|            3 | Juan Mota       | 2004-08-10 |
|           10 | Bryan Gonzalez  | 2001-07-18 |
+--------------+-----------------+------------+
3 rows in set (0.0012 sec)
 MySQL  localhost:3306 ssl  tbd2  SQL > selecr * from horario;
ERROR: 1064 (42000): You have an error in your SQL syntax; check the manual that corresponds to your MySQL server version for the right syntax to use near 'selecr * from horario' at line 1
 MySQL  localhost:3306 ssl  tbd2  SQL > select * from horario;
+-----------+--------------+
| idhorario | idestudiante |
+-----------+--------------+
|         2 |            2 |
|         3 |            3 |
|         5 |           10 |
+-----------+--------------+
3 rows in set (0.0202 sec)
 MySQL  localhost:3306 ssl  tbd2  SQL > select * from detallehorario;
+------------------+-----------+--------------+
| iddetallehorario | idhorario | idasignatura |
+------------------+-----------+--------------+
|                1 |         5 |            1 |
|                2 |         5 |            2 |
|                3 |         5 |            3 |
|                4 |         2 |            1 |
|                5 |         2 |            3 |
|                6 |         3 |            2 |
|                7 |         3 |            3 |
+------------------+-----------+--------------+
7 rows in set (0.0008 sec)
 MySQL  localhost:3306 ssl  tbd2  SQL > select * from asignatura;
+--------------+-------------------------+----------+
| idasignatura | nombre                  | creditos |
+--------------+-------------------------+----------+
|            1 | Taller de base de datos |        4 |
|            2 | Estuctura de datos      |        5 |
|            3 | Fundamentos de redes    |        4 |
+--------------+-------------------------+----------+
3 rows in set (0.0012 sec)
 MySQL  localhost:3306 ssl  tbd2  SQL > show create tables horario;
ERROR: 1064 (42000): You have an error in your SQL syntax; check the manual that corresponds to your MySQL server version for the right syntax to use near 'tables horario' at line 1
 MySQL  localhost:3306 ssl  tbd2  SQL > show create table horario;
+---------+-----------------------------------------------------------------------------------------------------------------------------------------------------------------------------------------------------------------------------------------------------------------------------------------------------------------------------------------------------------------------------------------------------+
| Table   | Create Table                                                                                                                                                                                                                                                                                                                                                                                        |
+---------+-----------------------------------------------------------------------------------------------------------------------------------------------------------------------------------------------------------------------------------------------------------------------------------------------------------------------------------------------------------------------------------------------------+
| horario | CREATE TABLE `horario` (
  `idhorario` int NOT NULL AUTO_INCREMENT,
  `idestudiante` int NOT NULL,
  PRIMARY KEY (`idhorario`),
  KEY `idestudiante` (`idestudiante`),
  CONSTRAINT `horario_ibfk_1` FOREIGN KEY (`idestudiante`) REFERENCES `estudiante` (`idestudiante`) ON DELETE RESTRICT ON UPDATE CASCADE
) ENGINE=InnoDB AUTO_INCREMENT=6 DEFAULT CHARSET=utf8mb4 COLLATE=utf8mb4_0900_ai_ci |
+---------+-----------------------------------------------------------------------------------------------------------------------------------------------------------------------------------------------------------------------------------------------------------------------------------------------------------------------------------------------------------------------------------------------------+
1 row in set (0.0011 sec)
 MySQL  localhost:3306 ssl  tbd2  SQL > alter table horario;
                                     -> ;
Query OK, 0 rows affected (0.0410 sec)> alter table hop
 MySQL  localhost:3306 ssl  tbd2  SQL > alter tables horario
                                     -> drop contraint horario_ibfk_1;
ERROR: 1064 (42000): You have an error in your SQL syntax; check the manual that corresponds to your MySQL server version for the right syntax to use near 'tables horario
drop contraint horario_ibfk_1' at line 1
 MySQL  localhost:3306 ssl  tbd2  SQL > alter table horario drop contraint horario_ibfk_1;
ERROR: 1064 (42000): You have an error in your SQL syntax; check the manual that corresponds to your MySQL server version for the right syntax to use near 'horario_ibfk_1' at line 1
 MySQL  localhost:3306 ssl  tbd2  SQL > alter table horario
                                     -> add constraint foreing key (idestudiante)
                                     -> references estudiante (idestudiante)
                                     -> on detele cascade
                                     -> on update cascade;
ERROR: 1064 (42000): You have an error in your SQL syntax; check the manual that corresponds to your MySQL server version for the right syntax to use near 'key (idestudiante)
references estudiante (idestudiante)
on detele cascade
on upd' at line 2
 MySQL  localhost:3306 ssl  tbd2  SQL > alter table horario add constraint foreing key(idestudiante) references estudiante(idestudiante) on detele cascade on update cascade;
ERROR: 1064 (42000): You have an error in your SQL syntax; check the manual that corresponds to your MySQL server version for the right syntax to use near 'key(idestudiante) references estudiante(idestudiante) on detele cascade on updat' at line 1
 MySQL  localhost:3306 ssl  tbd2  SQL > show create table horario;
+---------+-----------------------------------------------------------------------------------------------------------------------------------------------------------------------------------------------------------------------------------------------------------------------------------------------------------------------------------------------------------------------------------------------------+
| Table   | Create Table                                                                                                                                                                                                                                                                                                                                                                                        |
+---------+-----------------------------------------------------------------------------------------------------------------------------------------------------------------------------------------------------------------------------------------------------------------------------------------------------------------------------------------------------------------------------------------------------+
| horario | CREATE TABLE `horario` (
  `idhorario` int NOT NULL AUTO_INCREMENT,
  `idestudiante` int NOT NULL,
  PRIMARY KEY (`idhorario`),
  KEY `idestudiante` (`idestudiante`),
  CONSTRAINT `horario_ibfk_1` FOREIGN KEY (`idestudiante`) REFERENCES `estudiante` (`idestudiante`) ON DELETE RESTRICT ON UPDATE CASCADE
) ENGINE=InnoDB AUTO_INCREMENT=6 DEFAULT CHARSET=utf8mb4 COLLATE=utf8mb4_0900_ai_ci |
+---------+-----------------------------------------------------------------------------------------------------------------------------------------------------------------------------------------------------------------------------------------------------------------------------------------------------------------------------------------------------------------------------------------------------+
1 row in set (0.0018 sec)
 MySQL  localhost:3306 ssl  tbd2  SQL > show crete table detallehorario;
ERROR: 1064 (42000): You have an error in your SQL syntax; check the manual that corresponds to your MySQL server version for the right syntax to use near 'crete table detallehorario' at line 1
 MySQL  localhost:3306 ssl  tbd2  SQL > show create table detallehorario;
+----------------+--------------------------------------------------------------------------------------------------------------------------------------------------------------------------------------------------------------------------------------------------------------------------------------------------------------------------------------------------------------------------------------------------------------------------------------------------------------------------------------------------------------------------------------------------------------------------------------------------------------------------------------+
| Table          | Create Table                                                                                                                                                                                                                                                                                                                                                                                                                                                                                                                                                                                                                         |
+----------------+--------------------------------------------------------------------------------------------------------------------------------------------------------------------------------------------------------------------------------------------------------------------------------------------------------------------------------------------------------------------------------------------------------------------------------------------------------------------------------------------------------------------------------------------------------------------------------------------------------------------------------------+
| detallehorario | CREATE TABLE `detallehorario` (
  `iddetallehorario` int NOT NULL AUTO_INCREMENT,
  `idhorario` int NOT NULL,
  `idasignatura` int NOT NULL,
  PRIMARY KEY (`iddetallehorario`),
  KEY `idhorario` (`idhorario`),
  KEY `idasignatura` (`idasignatura`),
  CONSTRAINT `detallehorario_ibfk_1` FOREIGN KEY (`idhorario`) REFERENCES `horario` (`idhorario`) ON DELETE RESTRICT ON UPDATE CASCADE,
  CONSTRAINT `detallehorario_ibfk_2` FOREIGN KEY (`idasignatura`) REFERENCES `asignatura` (`idasignatura`) ON DELETE RESTRICT ON UPDATE CASCADE
) ENGINE=InnoDB AUTO_INCREMENT=8 DEFAULT CHARSET=utf8mb4 COLLATE=utf8mb4_0900_ai_ci |
+----------------+--------------------------------------------------------------------------------------------------------------------------------------------------------------------------------------------------------------------------------------------------------------------------------------------------------------------------------------------------------------------------------------------------------------------------------------------------------------------------------------------------------------------------------------------------------------------------------------------------------------------------------------+
1 row in set (0.0014 sec)
 MySQL  localhost:3306 ssl  tbd2  SQL > alter table datellehorario
                                     -> drop constraint detallehorario_ibfk_1;
ERROR: 1146 (42S02): Table 'tbd2.datellehorario' doesn't exist
 MySQL  localhost:3306 ssl  tbd2  SQL > alter table datellehorario drop constraint detallehorario_ibfk_2;
ERROR: 1146 (42S02): Table 'tbd2.datellehorario' doesn't exist
 MySQL  localhost:3306 ssl  tbd2  SQL > alter table datallehorario drop constraint detallehorario_ibfk_2;
ERROR: 1146 (42S02): Table 'tbd2.datallehorario' doesn't exist
 MySQL  localhost:3306 ssl  tbd2  SQL > alter table detallehorario drop constraint detallehorario_ibfk_2;
Query OK, 0 rows affected (0.0606 sec)

Records: 0  Duplicates: 0  Warnings: 0
 MySQL  localhost:3306 ssl  tbd2  SQL > alter table detallehorario drop constraint detallehorario_ibfk_1;
Query OK, 0 rows affected (0.0589 sec)

Records: 0  Duplicates: 0  Warnings: 0
 MySQL  localhost:3306 ssl  tbd2  SQL > alter table horario
                                     -> add constraint fk_horario_estudiante
                                     -> foreign key(idestudiante)
                                     -> references estudiante(idestudiante)
                                     -> on delete cascade
                                     -> on update cascade;
Query OK, 3 rows affected (0.0658 sec)

Records: 3  Duplicates: 0  Warnings: 0
 MySQL  localhost:3306 ssl  tbd2  SQL > show create tables detallehorario;
ERROR: 1064 (42000): You have an error in your SQL syntax; check the manual that corresponds to your MySQL server version for the right syntax to use near 'tables detallehorario' at line 1
 MySQL  localhost:3306 ssl  tbd2  SQL > show create table detallehorario;
+----------------+---------------------------------------------------------------------------------------------------------------------------------------------------------------------------------------------------------------------------------------------------------------------------------------------------------------------------------------------+
| Table          | Create Table                                                                                                                                                                                                                                                                                                                                |
+----------------+---------------------------------------------------------------------------------------------------------------------------------------------------------------------------------------------------------------------------------------------------------------------------------------------------------------------------------------------+
| detallehorario | CREATE TABLE `detallehorario` (
  `iddetallehorario` int NOT NULL AUTO_INCREMENT,
  `idhorario` int NOT NULL,
  `idasignatura` int NOT NULL,
  PRIMARY KEY (`iddetallehorario`),
  KEY `idhorario` (`idhorario`),
  KEY `idasignatura` (`idasignatura`)
) ENGINE=InnoDB AUTO_INCREMENT=8 DEFAULT CHARSET=utf8mb4 COLLATE=utf8mb4_0900_ai_ci |
+----------------+---------------------------------------------------------------------------------------------------------------------------------------------------------------------------------------------------------------------------------------------------------------------------------------------------------------------------------------------+
1 row in set (0.0005 sec)
 MySQL  localhost:3306 ssl  tbd2  SQL > alter table datallehorario
                                     -> ;
ERROR: 1146 (42S02): Table 'tbd2.datallehorario' doesn't exist
 MySQL  localhost:3306 ssl  tbd2  SQL > alter table detallehorario add constraint fk_detallehorario_horario foreign key(idhorario) references horario(idhorario) on delete cascade on update cascade;
Query OK, 7 rows affected (0.0646 sec)

Records: 7  Duplicates: 0  Warnings: 0
 MySQL  localhost:3306 ssl  tbd2  SQL > alter table detallehorario add constraint fk_detallehorario_asignatura foreign key(idasignatura) references asignatura(idasignatura) on delete cascade on update cascade;
Query OK, 7 rows affected (0.0783 sec)

Records: 7  Duplicates: 0  Warnings: 0
 MySQL  localhost:3306 ssl  tbd2  SQL > show create table detallehorario;
+----------------+-------------------------------------------------------------------------------------------------------------------------------------------------------------------------------------------------------------------------------------------------------------------------------------------------------------------------------------------------------------------------------------------------------------------------------------------------------------------------------------------------------------------------------------------------------------------------------------------------------------------------------------------------------------------------------+
| Table          | Create Table                                                                                                                                                                                                                                                                                                                                                                                                                                                                                                                                                                                                                                                                  |
+----------------+-------------------------------------------------------------------------------------------------------------------------------------------------------------------------------------------------------------------------------------------------------------------------------------------------------------------------------------------------------------------------------------------------------------------------------------------------------------------------------------------------------------------------------------------------------------------------------------------------------------------------------------------------------------------------------+
| detallehorario | CREATE TABLE `detallehorario` (
  `iddetallehorario` int NOT NULL AUTO_INCREMENT,
  `idhorario` int NOT NULL,
  `idasignatura` int NOT NULL,
  PRIMARY KEY (`iddetallehorario`),
  KEY `fk_detallehorario_horario` (`idhorario`),
  KEY `fk_detallehorario_asignatura` (`idasignatura`),
  CONSTRAINT `fk_detallehorario_asignatura` FOREIGN KEY (`idasignatura`) REFERENCES `asignatura` (`idasignatura`) ON DELETE CASCADE ON UPDATE CASCADE,
  CONSTRAINT `fk_detallehorario_horario` FOREIGN KEY (`idhorario`) REFERENCES `horario` (`idhorario`) ON DELETE CASCADE ON UPDATE CASCADE
) ENGINE=InnoDB AUTO_INCREMENT=8 DEFAULT CHARSET=utf8mb4 COLLATE=utf8mb4_0900_ai_ci |
+----------------+-------------------------------------------------------------------------------------------------------------------------------------------------------------------------------------------------------------------------------------------------------------------------------------------------------------------------------------------------------------------------------------------------------------------------------------------------------------------------------------------------------------------------------------------------------------------------------------------------------------------------------------------------------------------------------+
1 row in set (0.0009 sec)
 MySQL  localhost:3306 ssl  tbd2  SQL > select * from detallehorario;
+------------------+-----------+--------------+
| iddetallehorario | idhorario | idasignatura |
+------------------+-----------+--------------+
|                1 |         5 |            1 |
|                2 |         5 |            2 |
|                3 |         5 |            3 |
|                4 |         2 |            1 |
|                5 |         2 |            3 |
|                6 |         3 |            2 |
|                7 |         3 |            3 |
+------------------+-----------+--------------+
7 rows in set (0.0007 sec)
 MySQL  localhost:3306 ssl  tbd2  SQL > select * from horario where idhorario = 5;
+-----------+--------------+
| idhorario | idestudiante |
+-----------+--------------+
|         5 |           10 |
+-----------+--------------+
1 row in set (0.0012 sec)
 MySQL  localhost:3306 ssl  tbd2  SQL > select * from estudiante where idestudiante = 10;
+--------------+----------------+------------+
| idestudiante | nombre         | fecha_nac  |
+--------------+----------------+------------+
|           10 | Bryan Gonzalez | 2001-07-18 |
+--------------+----------------+------------+
1 row in set (0.0016 sec)
 MySQL  localhost:3306 ssl  tbd2  SQL > select * from asignatura;
+--------------+-------------------------+----------+
| idasignatura | nombre                  | creditos |
+--------------+-------------------------+----------+
|            1 | Taller de base de datos |        4 |
|            2 | Estuctura de datos      |        5 |
|            3 | Fundamentos de redes    |        4 |
+--------------+-------------------------+----------+
3 rows in set (0.0014 sec)
 MySQL  localhost:3306 ssl  tbd2  SQL > delete from estudiante
                                     -> where idestudiante = 10;
Query OK, 1 row affected (0.0035 sec)
 MySQL  localhost:3306 ssl  tbd2  SQL > select * from estudiante;
+--------------+-----------------+------------+
| idestudiante | nombre          | fecha_nac  |
+--------------+-----------------+------------+
|            2 | Michelle Tellez | 2003-10-02 |
|            3 | Juan Mota       | 2004-08-10 |
+--------------+-----------------+------------+
2 rows in set (0.0005 sec)
 MySQL  localhost:3306 ssl  tbd2  SQL > select * from horario;
+-----------+--------------+
| idhorario | idestudiante |
+-----------+--------------+
|         2 |            2 |
|         3 |            3 |
+-----------+--------------+
2 rows in set (0.0005 sec)
 MySQL  localhost:3306 ssl  tbd2  SQL > select * from detallehorario;
+------------------+-----------+--------------+
| iddetallehorario | idhorario | idasignatura |
+------------------+-----------+--------------+
|                4 |         2 |            1 |
|                5 |         2 |            3 |
|                6 |         3 |            2 |
|                7 |         3 |            3 |
+------------------+-----------+--------------+
4 rows in set (0.0006 sec)
 MySQL  localhost:3306 ssl  tbd2  SQL > use sakila;
Default schema set to `sakila`.
Fetching global names, object names from `sakila` for auto-completion... Press ^C to stop.
 MySQL  localhost:3306 ssl  sakila  SQL > show databases;
+--------------------+
| Database           |
+--------------------+
| abarrotes          |
| biblioteca         |
| information_schema |
| mysql              |
| performance_schema |
| prueba             |
| sakila             |
| sys                |
| tbd1               |
| tbd2               |
| world              |
+--------------------+
11 rows in set (0.0012 sec)
 MySQL  localhost:3306 ssl  sakila  SQL > use tables;
MySQL Error 1049: Unknown database 'tables'
 MySQL  localhost:3306 ssl  sakila  SQL > show tables;
+----------------------------+
| Tables_in_sakila           |
+----------------------------+
| actor                      |
| actor_info                 |
| address                    |
| category                   |
| city                       |
| country                    |
| customer                   |
| customer_list              |
| film                       |
| film_actor                 |
| film_category              |
| film_list                  |
| film_text                  |
| inventory                  |
| language                   |
| nicer_but_slower_film_list |
| payment                    |
| rental                     |
| sales_by_film_category     |
| sales_by_store             |
| staff                      |
| staff_list                 |
| store                      |
+----------------------------+
23 rows in set (0.0018 sec)
 MySQL  localhost:3306 ssl  sakila  SQL > use tbd2;
Default schema set to `tbd2`.
Fetching global names, object names from `tbd2` for auto-completion... Press ^C to stop.
 MySQL  localhost:3306 ssl  tbd2  SQL > shoe tables;
ERROR: 1064 (42000): You have an error in your SQL syntax; check the manual that corresponds to your MySQL server version for the right syntax to use near 'shoe tables' at line 1
 MySQL  localhost:3306 ssl  tbd2  SQL > show tables;
+----------------+
| Tables_in_tbd2 |
+----------------+
| asignatura     |
| cliente        |
| detallehorario |
| estudiante     |
| horario        |
| producto       |
| venta          |
| ventadetalle   |
+----------------+
8 rows in set (0.0013 sec)
 MySQL  localhost:3306 ssl  tbd2  SQL > select * from venta;
+---------+------------+-----------+
| idventa | fecha      | idcliente |
+---------+------------+-----------+
|       1 | 2025-09-17 |         1 |
|       2 | 2025-09-17 |         2 |
|       3 | 2025-09-17 |         3 |
|       4 | 2025-09-17 |         2 |
|       5 | 2025-09-17 |         3 |
|       6 | 2025-09-17 |         1 |
+---------+------------+-----------+
6 rows in set (0.0125 sec)
 MySQL  localhost:3306 ssl  tbd2  SQL > select * from cliente;
+-----------+-----------+------------+
| idcliente | nombre    | rfc        |
+-----------+-----------+------------+
|         1 | Michita   | TEBM031002 |
|         2 | Danielito | BASJ031118 |
|         3 | Chuysan   | BASJ031118 |
+-----------+-----------+------------+
3 rows in set (0.0140 sec)
 MySQL  localhost:3306 ssl  tbd2  SQL > insert into cliente(nombre, rft)
                                     -> value("Juan","JWER031218");
ERROR: 1054 (42S22): Unknown column 'rft' in 'field list'
 MySQL  localhost:3306 ssl  tbd2  SQL > insert into cliente(nombre, rfC) value("Juan","JWER031218");
Query OK, 1 row affected (0.0079 sec)
 MySQL  localhost:3306 ssl  tbd2  SQL > selec * from cliente;
ERROR: 1064 (42000): You have an error in your SQL syntax; check the manual that corresponds to your MySQL server version for the right syntax to use near 'selec * from cliente' at line 1
 MySQL  localhost:3306 ssl  tbd2  SQL > select * from cliente;
+-----------+-----------+------------+
| idcliente | nombre    | rfc        |
+-----------+-----------+------------+
|         1 | Michita   | TEBM031002 |
|         2 | Danielito | BASJ031118 |
|         3 | Chuysan   | BASJ031118 |
|         4 | Juan      | JWER031218 |
+-----------+-----------+------------+
4 rows in set (0.0004 sec)
 MySQL  localhost:3306 ssl  tbd2  SQL > select * from vantadetalle;
ERROR: 1146 (42S02): Table 'tbd2.vantadetalle' doesn't exist
 MySQL  localhost:3306 ssl  tbd2  SQL > select * from ventadetalle;
+----------------+---------+------------+----------+
| idventadetalle | idventa | idproducto | cantidad |
+----------------+---------+------------+----------+
|              1 |       3 |          1 |        5 |
|              2 |       3 |          2 |        1 |
|              3 |       4 |          3 |       10 |
|              4 |       5 |          1 |        1 |
+----------------+---------+------------+----------+
4 rows in set (0.0159 sec)
 MySQL  localhost:3306 ssl  tbd2  SQL > select * from venta;
+---------+------------+-----------+
| idventa | fecha      | idcliente |
+---------+------------+-----------+
|       1 | 2025-09-17 |         1 |
|       2 | 2025-09-17 |         2 |
|       3 | 2025-09-17 |         3 |
|       4 | 2025-09-17 |         2 |
|       5 | 2025-09-17 |         3 |
|       6 | 2025-09-17 |         1 |
+---------+------------+-----------+
6 rows in set (0.0006 sec)
 MySQL  localhost:3306 ssl  tbd2  SQL > select * from cliente;
+-----------+-----------+------------+
| idcliente | nombre    | rfc        |
+-----------+-----------+------------+
|         1 | Michita   | TEBM031002 |
|         2 | Danielito | BASJ031118 |
|         3 | Chuysan   | BASJ031118 |
|         4 | Juan      | JWER031218 |
+-----------+-----------+------------+
4 rows in set (0.0006 sec)
 MySQL  localhost:3306 ssl  tbd2  SQL > select * from cliente
                                     -> where idcliente in (select idcliente from venta);
+-----------+-----------+------------+
| idcliente | nombre    | rfc        |
+-----------+-----------+------------+
|         1 | Michita   | TEBM031002 |
|         2 | Danielito | BASJ031118 |
|         3 | Chuysan   | BASJ031118 |
+-----------+-----------+------------+
3 rows in set (0.0054 sec)
 MySQL  localhost:3306 ssl  tbd2  SQL > select idcliente from venta;
+-----------+
| idcliente |
+-----------+
|         1 |
|         1 |
|         2 |
|         2 |
|         3 |
|         3 |
+-----------+
6 rows in set (0.0006 sec)
 MySQL  localhost:3306 ssl  tbd2  SQL > select * from cliente
                                     -> where idcliente in (select distinct idcliente from venta);
+-----------+-----------+------------+
| idcliente | nombre    | rfc        |
+-----------+-----------+------------+
|         1 | Michita   | TEBM031002 |
|         2 | Danielito | BASJ031118 |
|         3 | Chuysan   | BASJ031118 |
+-----------+-----------+------------+
3 rows in set (0.0007 sec)
 MySQL  localhost:3306 ssl  tbd2  SQL > select * from cliente where idcliente not in (select distinct idcliente from venta);
+-----------+--------+------------+
| idcliente | nombre | rfc        |
+-----------+--------+------------+
|         4 | Juan   | JWER031218 |
+-----------+--------+------------+
1 row in set (0.0009 sec)
 MySQL  localhost:3306 ssl  tbd2  SQL > select * from ventadetalle;
+----------------+---------+------------+----------+
| idventadetalle | idventa | idproducto | cantidad |
+----------------+---------+------------+----------+
|              1 |       3 |          1 |        5 |
|              2 |       3 |          2 |        1 |
|              3 |       4 |          3 |       10 |
|              4 |       5 |          1 |        1 |
+----------------+---------+------------+----------+
4 rows in set (0.0005 sec)
 MySQL  localhost:3306 ssl  tbd2  SQL > desc producto;
+------------+--------------+------+-----+---------+----------------+
| Field      | Type         | Null | Key | Default | Extra          |
+------------+--------------+------+-----+---------+----------------+
| idproducto | int          | NO   | PRI | NULL    | auto_increment |
| nombre     | varchar(50)  | NO   |     | NULL    |                |
| precio     | decimal(8,2) | NO   |     | NULL    |                |
+------------+--------------+------+-----+---------+----------------+
3 rows in set (0.0024 sec)
 MySQL  localhost:3306 ssl  tbd2  SQL > select  * from producto
                                     -> where idproducto in (select distinct iidproducto from ventadetalle);
ERROR: 1054 (42S22): Unknown column 'iidproducto' in 'field list'
 MySQL  localhost:3306 ssl  tbd2  SQL > select  * from producto where idproducto in (select distinct idproducto from ventadetalle);
+------------+---------+----------+
| idproducto | nombre  | precio   |
+------------+---------+----------+
|          1 | celular | 10000.00 |
|          2 | tv      | 15456.20 |
|          3 | laptop  | 35123.20 |
+------------+---------+----------+
3 rows in set (0.0166 sec)
 MySQL  localhost:3306 ssl  tbd2  SQL > select  * from producto where idproducto not in (select distinct idproducto from ventadetalle);
Empty set (0.0007 sec)
 MySQL  localhost:3306 ssl  tbd2  SQL > select count(*) from producto where idproducto not in (select distinct idproducto from ventadetalle);
+----------+
| count(*) |
+----------+
|        0 |
+----------+
1 row in set (0.0056 sec)
 MySQL  localhost:3306 ssl  tbd2  SQL > select count(*) from producto where idproducto in (select distinct idproducto from ventadetalle);
+----------+
| count(*) |
+----------+
|        3 |
+----------+
1 row in set (0.0046 sec)
 MySQL  localhost:3306 ssl  tbd2  SQL >